// Jest Snapshot v1, https://goo.gl/fbAQLP

exports[`PanaromaswapV3Factory #createPool gas 1`] = `4557092`;

exports[`PanaromaswapV3Factory factory bytecode size 1`] = `24535`;

exports[`PanaromaswapV3Factory pool bytecode size 1`] = `22142`;
